// Jest Snapshot v1, https://goo.gl/fbAQLP

exports[`Renders without errors 1`] = `
<div
  className="rs-panel"
>
  <div
    aria-expanded={false}
    className="rs-panel-header"
    tabIndex={-1}
  >
    <h3
      className="rs-panel-title"
    >
      About
    </h3>
  </div>
  <div
    className="rs-panel-body"
    role="region"
  >
    <main
      className="rs-content"
    >
      Forums JS is a forums app written in JS.
    </main>
  </div>
</div>
`;
