// Jest Snapshot v1, https://goo.gl/fbAQLP

exports[`Renders without errors 1`] = `
<div
  className="rs-panel rs-panel-default"
>
  <div
    className="rs-panel-heading"
    onClick={[Function]}
    role="rowheader"
    tabIndex={-1}
  >
    <h3
      className="rs-panel-title"
    >
      About
    </h3>
  </div>
  <div
    className="rs-panel-body"
  >
    <div
      className="rs-content"
    >
      Forums JS is a forums app written in JS.
    </div>
  </div>
</div>
`;
