// Jest Snapshot v1, https://goo.gl/fbAQLP

exports[`Renders without error - edit mode 1`] = `
<div>
  <div
    className="rs-nav rs-nav-subtle rs-nav-horizontal"
  >
    <a
      aria-selected={true}
      className="preview-strip-1 rs-nav-item rs-nav-item-active"
      href="#"
      onClick={[Function]}
      role="button"
    >
      Text
      <span
        className="rs-ripple-pond"
      >
        <span
          className="rs-ripple"
        />
      </span>
    </a>
    <a
      className="preview-strip-2 rs-nav-item"
      href="#"
      onClick={[Function]}
      role="button"
    >
      Preview
      <span
        className="rs-ripple-pond"
      >
        <span
          className="rs-ripple"
        />
      </span>
    </a>
    <div
      className="rs-nav-bar"
    />
  </div>
  <textarea
    className="rs-input"
    onChange={[Function]}
    onKeyDown={[Function]}
    style={
      Object {
        "resize": "both",
      }
    }
    type="text"
    value="# header"
  />
</div>
`;
