// Jest Snapshot v1, https://goo.gl/fbAQLP

exports[`Renders without error - edit mode 1`] = `
<div>
  <div
    className="rs-nav rs-nav-subtle rs-nav-horizontal"
  >
    <ul>
      <li
        className="rs-nav-item preview-strip-1 rs-nav-item-active"
      >
        <a
          className="rs-nav-item-content"
          onClick={[Function]}
          role="button"
          tabIndex={0}
        >
          Text
          <span
            className="rs-ripple-pond"
          >
            <span
              className="rs-ripple"
              style={Object {}}
            />
          </span>
        </a>
      </li>
      <li
        className="rs-nav-item preview-strip-2"
      >
        <a
          className="rs-nav-item-content"
          onClick={[Function]}
          role="button"
          tabIndex={0}
        >
          Preview
          <span
            className="rs-ripple-pond"
          >
            <span
              className="rs-ripple"
              style={Object {}}
            />
          </span>
        </a>
      </li>
    </ul>
    <div
      className="rs-nav-waterline"
    />
  </div>
  <textarea
    className="rs-input"
    id={null}
    onChange={[Function]}
    onKeyDown={[Function]}
    style={
      Object {
        "resize": "both",
      }
    }
    type="text"
    value="# header"
  />
</div>
`;
