// Jest Snapshot v1, https://goo.gl/fbAQLP

exports[`Renders without error 1`] = `
<div
  className="rs-panel"
>
  <div
    aria-expanded={false}
    className="rs-panel-header"
    tabIndex={-1}
  >
    <h3
      className="rs-panel-title"
    >
      GitHub
    </h3>
  </div>
  <div
    className="rs-panel-body"
    role="region"
  >
    <main
      className="rs-content"
    >
      <button
        className="rs-btn rs-btn-primary"
        onClick={[Function]}
        type="button"
      >
        Sign in with 
        GitHub
        <span
          className="rs-ripple-pond"
        >
          <span
            className="rs-ripple"
          />
        </span>
      </button>
    </main>
  </div>
</div>
`;
