// Jest Snapshot v1, https://goo.gl/fbAQLP

exports[`Renders without error 1`] = `
<div
  className="rs-panel"
>
  <div
    aria-expanded={false}
    className="rs-panel-header"
    tabIndex={-1}
  >
    <h3
      className="rs-panel-title"
    >
      Test thread
    </h3>
  </div>
  <div
    className="rs-panel-body"
    role="region"
  >
    <div
      className="rs-panel-group"
    />
  </div>
</div>
`;
